Microchip MPLAB XC8 Compiler V3.10

Linker command line:

-W-3 --edf=/Applications/microchip/xc8/v3.10/pic/dat/20250813170317_en.msgs \
  -cn -h+dist/default/production/Counter_Stopwatch.X.production.sym \
  --cmf=dist/default/production/Counter_Stopwatch.X.production.cmf -z \
  -Q16F883 -o/tmp/xcrXXYYhx/driver_tmp_3.o --defsym=__MPLAB_BUILD=1 \
  --fixupoverflow=error \
  -Mdist/default/production/Counter_Stopwatch.X.production.map \
  --md=/tmp/xcrXXYYhx/driver_tmp_0.dat -E1 -ver=XC8 Compiler \
  -ACODE=00h-07FFhx2 -ASTRCODE=00h-0FFFh -ASTRING=00h-0FFhx16 \
  -ACONST=00h-0FFhx16 -AENTRY=00h-0FFhx16 -ACOMMON=070h-07Fh \
  -ABANK0=020h-06Fh -ABANK1=0A0h-0EFh -ABANK2=0120h-016Fh \
  -ARAM=020h-06Fh,0A0h-0EFh,0120h-016Fh \
  -AABS1=020h-07Fh,0A0h-0EFh,0120h-016Fh -ASFR0=00h-01Fh -ASFR1=080h-09Fh \
  -ASFR2=0100h-011Fh -ASFR3=0180h-01EFh -ACONFIG=02007h-02008h -DCONFIG=2 \
  -AIDLOC=02000h-02003h -DIDLOC=2 -AEEDATA=00h-0FFh/02100h \
  -peeprom_data=EEDATA -DEEDATA=2 -DCODE=2 -DSTRCODE=2 -DSTRING=2 -DCONST=2 \
  -DENTRY=2 -preset_vec=00h,intentry=04h,sivt,init,end_init -ppowerup=CODE \
  -pcinit=CODE -pfunctab=ENTRY -k /tmp/xcrXXYYhx/driver_tmp_12.o \
  dist/default/production/Counter_Stopwatch.X.production.o 

Object code version is 3.11

Machine type is 16F883



                Name                               Link     Load   Length Selector   Space Scale
/tmp/xcrXXYYhx/driver_tmp_12.o
                end_init                             11       11        2        8       0
                reset_vec                             0        0        2        0       0
                config                             2007     2007        2        0       4
dist/default/production/Counter_Stopwatch.X.production.o
                cinit                                13       13       1B        8       0
                intentry                              4        4        D        8       0
                config                             2007     2007        2        0       4
                text7                               150      150       63        8       0
                text6                               1B3      1B3       57        8       0
                text5                                D3       D3       7D        8       0
                text4                               279      279        7        8       0
                text3                                2E       2E       A5        8       0
                text2                               272      272        7        8       0
                text1                               240      240       15        8       0
                maintext                            20A      20A       36        8       0
                cstackBANK0                          20       20       11       20       1
                cstackCOMMON                         70       70        A       70       1
                inittext                            255      255       11        8       0
                dataBANK0                            31       31        C       20       1
                bssBANK0                             3D       3D        8       20       1
                bssCOMMON                            7A       7A        4       70       1
                idataBANK0                          266      266        C        8       0

TOTAL           Name                               Link     Load   Length     Space
        CLASS   CODE           
                end_init                             11       11        2         0
                cinit                                13       13       1B         0
                intentry                              4        4        D         0
                reset_vec                             0        0        2         0
                text7                               150      150       63         0
                text6                               1B3      1B3       57         0
                text5                                D3       D3       7D         0
                text4                               279      279        7         0
                text3                                2E       2E       A5         0
                text2                               272      272        7         0
                text1                               240      240       15         0
                maintext                            20A      20A       36         0
                inittext                            255      255       11         0
                idataBANK0                          266      266        C         0

        CLASS   STRCODE        

        CLASS   STRING         

        CLASS   CONST          

        CLASS   ENTRY          

        CLASS   COMMON         
                cstackCOMMON                         70       70        A         1
                bssCOMMON                            7A       7A        4         1

        CLASS   BANK0          
                cstackBANK0                          20       20       11         1
                dataBANK0                            31       31        C         1
                bssBANK0                             3D       3D        8         1

        CLASS   BANK1          

        CLASS   BANK2          

        CLASS   RAM            

        CLASS   ABS1           
                abs_s1                               7E       7E        2         1

        CLASS   SFR0           

        CLASS   SFR1           

        CLASS   SFR2           

        CLASS   SFR3           

        CLASS   CONFIG         
                config                             2007     2007        2         4

        CLASS   IDLOC          

        CLASS   EEDATA         

        CLASS   BANK3          

        CLASS   HEAP           

        CLASS   STACK          



SEGMENTS        Name                           Load    Length   Top    Selector   Space  Class     Delta

                reset_vec                      000000  000002  000002         0       0  CODE        2
                cstackBANK0                    000020  000025  000045        20       1  BANK0       1
                cstackCOMMON                   000070  00000E  00007E        70       1  COMMON      1
                intentry                       000004  00027C  000280         8       0  CODE        2


UNUSED ADDRESS RANGES

        Name                Unused          Largest block    Delta
        BANK0            0045-006F             2B           1
        BANK1            00A0-00EF             50           1
        BANK2            0120-016F             50           1
        CODE             0002-0003              2           2
                         0280-0FFF            580
        CONST            0002-0003              2           2
                         0280-0FFF            100
        EEDATA           2100-21FF            100           2
        ENTRY            0002-0003              2           2
                         0280-0FFF            100
        IDLOC            2000-2003              4           2
        RAM              0045-006F             2B           1
                         00A0-00EF             50
                         0120-016F             50
        SFR0             0000-001F             20           1
        SFR1             0080-009F             20           1
        SFR2             0100-011F             20           1
        SFR3             0180-01EF             70           1
        STRCODE          0002-0003              2           2
                         0280-0FFF            D80
        STRING           0002-0003              2           2
                         0280-0FFF            100

                                  Symbol Table

?___awdiv                   cstackCOMMON 0070
?___awmod                   cstackCOMMON 0070
_ANSEL                      (abs)        0188
_ANSELH                     (abs)        0189
_HIGH                       dataBANK0    003B
_INTCONbits                 (abs)        000B
_IOCB                       (abs)        0096
_LOW                        dataBANK0    003C
_PIE1bits                   (abs)        008C
_PIR1bits                   (abs)        000C
_PORTAbits                  (abs)        0005
_PORTBbits                  (abs)        0006
_PORTC                      (abs)        0007
_T1CONbits                  (abs)        0010
_TMR1H                      (abs)        000F
_TMR1L                      (abs)        000E
_TRISA                      (abs)        0085
_TRISB                      (abs)        0086
_TRISC                      (abs)        0087
__H__absolute__             __absolute__ 0000
__Habs1                     abs1         0000
__Hbank0                    bank0        0000
__Hbank1                    bank1        0000
__Hbank2                    bank2        0000
__Hbank3                    bank3        0000
__HbssBANK0                 bssBANK0     0000
__HbssCOMMON                bssCOMMON    0000
__Hcinit                    cinit        002E
__Hclrtext                  clrtext      0000
__Hcode                     code         0000
__Hcommon                   common       0000
__Hconfig                   config       2009
__HcstackBANK0              cstackBANK0  0000
__HcstackCOMMON             cstackCOMMON 0000
__HdataBANK0                dataBANK0    0000
__Heeprom_data              eeprom_data  0000
__Hend_init                 end_init     0013
__Hfunctab                  functab      0000
__Hheap                     heap         0000
__HidataBANK0               idataBANK0   0000
__Hinit                     init         0011
__Hinittext                 inittext     0000
__Hintentry                 intentry     0011
__Hmaintext                 maintext     0000
__Hpowerup                  powerup      0000
__Hram                      ram          0000
__Hreset_vec                reset_vec    0002
__Hsfr0                     sfr0         0000
__Hsfr1                     sfr1         0000
__Hsfr2                     sfr2         0000
__Hsfr3                     sfr3         0000
__Hsivt                     sivt         0011
__Hspace_0                  (abs)        0280
__Hspace_1                  (abs)        007E
__Hspace_2                  (abs)        0000
__Hspace_3                  (abs)        0000
__Hspace_4                  (abs)        4010
__Hstack                    stack        0000
__Hstrings                  strings      0000
__Htext                     text         0000
__L__absolute__             __absolute__ 0000
__Labs1                     abs1         0000
__Lbank0                    bank0        0000
__Lbank1                    bank1        0000
__Lbank2                    bank2        0000
__Lbank3                    bank3        0000
__LbssBANK0                 bssBANK0     0000
__LbssCOMMON                bssCOMMON    0000
__Lcinit                    cinit        0013
__Lclrtext                  clrtext      0000
__Lcode                     code         0000
__Lcommon                   common       0000
__Lconfig                   config       0000
__LcstackBANK0              cstackBANK0  0000
__LcstackCOMMON             cstackCOMMON 0000
__LdataBANK0                dataBANK0    0000
__Leeprom_data              eeprom_data  0000
__Lend_init                 end_init     0011
__Lfunctab                  functab      0000
__Lheap                     heap         0000
__LidataBANK0               idataBANK0   0000
__Linit                     init         0011
__Linittext                 inittext     0000
__Lintentry                 intentry     0004
__Lmaintext                 maintext     0000
__Lpowerup                  powerup      0000
__Lram                      ram          0000
__Lreset_vec                reset_vec    0000
__Lsfr0                     sfr0         0000
__Lsfr1                     sfr1         0000
__Lsfr2                     sfr2         0000
__Lsfr3                     sfr3         0000
__Lsivt                     sivt         0011
__Lspace_0                  (abs)        0000
__Lspace_1                  (abs)        0000
__Lspace_2                  (abs)        0000
__Lspace_3                  (abs)        0000
__Lspace_4                  (abs)        0000
__Lstack                    stack        0000
__Lstrings                  strings      0000
__Ltext                     text         0000
__S0                        (abs)        0280
__S1                        (abs)        007E
__S3                        (abs)        0000
___awdiv                    text7        0150
___awdiv@counter            cstackCOMMON 0074
___awdiv@dividend           cstackCOMMON 0072
___awdiv@divisor            cstackCOMMON 0070
___awdiv@quotient           cstackCOMMON 0076
___awdiv@sign               cstackCOMMON 0075
___awmod                    text6        01B3
___awmod@counter            cstackCOMMON 0074
___awmod@dividend           cstackCOMMON 0072
___awmod@divisor            cstackCOMMON 0070
___awmod@sign               cstackCOMMON 0075
___heap_hi                  (abs)        0000
___heap_lo                  (abs)        0000
___int_sp                   stack        0000
___int_stack_hi             stack        0000
___int_stack_lo             stack        0000
___latbits                  (abs)        0001
___sp                       stack        0000
___stack_hi                 stack        0000
___stack_lo                 stack        0000
___stackhi                  (abs)        0000
___stacklo                  (abs)        0000
__end_of___awdiv            text7        01B3
__end_of___awmod            text6        020A
__end_of__initialization    cinit        002B
__end_of_display            text5        0150
__end_of_isr                text3        00D3
__end_of_main               maintext     0240
__end_of_tmr1_init_1ms_tick text1        0255
__end_of_tmr1_load_1ms      text2        0279
__end_ofi1_tmr1_load_1ms    text4        0280
__initialization            cinit        0013
__pbssBANK0                 bssBANK0     003D
__pbssCOMMON                bssCOMMON    007A
__pcstackBANK0              cstackBANK0  0020
__pcstackCOMMON             cstackCOMMON 0070
__pdataBANK0                dataBANK0    0031
__pidataBANK0               idataBANK0   0266
__pintentry                 intentry     0004
__pmaintext                 maintext     020A
__ptext1                    text1        0240
__ptext2                    text2        0272
__ptext3                    text3        002E
__ptext4                    text4        0279
__ptext5                    text5        00D3
__ptext6                    text6        01B3
__ptext7                    text7        0150
_centiseconds               bssCOMMON    007A
_display                    text5        00D3
_isr                        text3        002E
_last_button1               bssBANK0     003F
_last_button2               bssBANK0     003D
_main                       maintext     020A
_ms_bucket                  bssBANK0     0043
_options                    dataBANK0    0031
_paused                     bssBANK0     0041
_tmr1_init_1ms_tick         text1        0240
_tmr1_load_1ms              text2        0272
btemp                       (abs)        007E
btemp0                      (abs)        007E
btemp1                      (abs)        007F
display@high                cstackBANK0  0022
display@high_201            cstackBANK0  0026
display@low                 cstackBANK0  0020
display@low_200             cstackBANK0  0024
display@norm                cstackBANK0  0028
display@number              cstackCOMMON 0078
end_of_initialization       cinit        002B
i1_tmr1_load_1ms            text4        0279
init_fetch0                 inittext     0255
init_ram0                   inittext     0259
interrupt_function          intentry     0004
intlevel0                   functab      0000
intlevel1                   functab      0000
intlevel2                   functab      0000
intlevel3                   functab      0000
intlevel4                   functab      0000
intlevel5                   functab      0000
ltemp0a                     (abs)        0080
reset_vec                   reset_vec    0000
saved_w                     (abs)        007E
start                       init         0011
start_initialization        cinit        0013
ttemp0a                     (abs)        007F
wtemp0                      (abs)        007E
wtemp0a                     (abs)        007F


MODULE INFORMATION

Module		Function		Class		Link	Load	Size
/Applications/microchip/xc8/v3.10/pic/sources/c99/common/awdiv.c
		___awdiv       		CODE           	0150	0000	99

/Applications/microchip/xc8/v3.10/pic/sources/c99/common/awdiv.c estimated size: 99

shared
		i1_tmr1_load_1ms		CODE           	0279	0000	7
		__initialization		CODE           	0013	0000	24

shared estimated size: 31

main.c
		_display       		CODE           	00D3	0000	125
		_main          		CODE           	020A	0000	54
		_tmr1_init_1ms_tick		CODE           	0240	0000	21
		_isr           		CODE           	002E	0000	165
		_tmr1_load_1ms 		CODE           	0272	0000	7

main.c estimated size: 372

/Applications/microchip/xc8/v3.10/pic/sources/c99/common/awmod.c
		___awmod       		CODE           	01B3	0000	87

/Applications/microchip/xc8/v3.10/pic/sources/c99/common/awmod.c estimated size: 87

