Microchip MPLAB XC8 Compiler V3.10

Linker command line:

-W-3 --edf=/Applications/microchip/xc8/v3.10/pic/dat/20250813170317_en.msgs \
  -cn -h+dist/default/debug/Counter_Stopwatch.X.debug.sym \
  --cmf=dist/default/debug/Counter_Stopwatch.X.debug.cmf -z -Q16F883 \
  -o/tmp/xcj92bZkh/driver_tmp_3.o --defsym=__MPLAB_BUILD=1 \
  --fixupoverflow=error -Mdist/default/debug/Counter_Stopwatch.X.debug.map \
  --md=/tmp/xcj92bZkh/driver_tmp_0.dat -E1 -ver=XC8 Compiler \
  -ACODE=00h-07FFh,0800h-0EFFh -ASTRCODE=00h-0EFFh -ASTRING=00h-0FFhx15 \
  -ACONST=00h-0FFhx15 -AENTRY=00h-0FFhx15 -ACOMMON=071h-07Fh \
  -ABANK0=020h-06Fh -ABANK1=0A0h-0EFh -ABANK2=0120h-0164h \
  -ARAM=020h-06Fh,0A0h-0EFh,0120h-0164h \
  -AABS1=020h-07Fh,0A0h-0EFh,0120h-016Fh -ASFR0=00h-01Fh -ASFR1=080h-09Fh \
  -ASFR2=0100h-011Fh -ASFR3=0180h-01F0h -ACONFIG=02007h-02008h -DCONFIG=2 \
  -AIDLOC=02000h-02003h -DIDLOC=2 -AEEDATA=00h-0FFh/02100h \
  -peeprom_data=EEDATA -DEEDATA=2 -DCODE=2 -DSTRCODE=2 -DSTRING=2 -DCONST=2 \
  -DENTRY=2 -preset_vec=00h,intentry=04h,sivt,init,end_init -ppowerup=CODE \
  -pcinit=CODE -pfunctab=ENTRY -k /tmp/xcj92bZkh/driver_tmp_12.o \
  dist/default/debug/Counter_Stopwatch.X.debug.o 

Object code version is 3.11

Machine type is 16F883



                Name                               Link     Load   Length Selector   Space Scale
/tmp/xcj92bZkh/driver_tmp_12.o
                end_init                             11       11        2        8       0
                reset_vec                             0        0        3        0       0
                config                             2007     2007        2        0       4
dist/default/debug/Counter_Stopwatch.X.debug.o
                cinit                                13       13       1B        8       0
                intentry                              4        4        D        8       0
                config                             2007     2007        2        0       4
                text7                               152      152       63        8       0
                text6                               1B5      1B5       57        8       0
                text5                                D5       D5       7D        8       0
                text4                               27B      27B        7        8       0
                text3                                2E       2E       A7        8       0
                text2                               274      274        7        8       0
                text1                               242      242       15        8       0
                maintext                            20C      20C       36        8       0
                cstackBANK0                          20       20       11       20       1
                cstackCOMMON                         71       71        A       71       1
                inittext                            257      257       11        8       0
                dataBANK0                            31       31        C       20       1
                bssBANK0                             3D       3D        A       20       1
                bssCOMMON                            7B       7B        2       71       1
                idataBANK0                          268      268        C        8       0

TOTAL           Name                               Link     Load   Length     Space
        CLASS   CODE           
                end_init                             11       11        2         0
                cinit                                13       13       1B         0
                intentry                              4        4        D         0
                reset_vec                             0        0        3         0
                text7                               152      152       63         0
                text6                               1B5      1B5       57         0
                text5                                D5       D5       7D         0
                text4                               27B      27B        7         0
                text3                                2E       2E       A7         0
                text2                               274      274        7         0
                text1                               242      242       15         0
                maintext                            20C      20C       36         0
                inittext                            257      257       11         0
                idataBANK0                          268      268        C         0

        CLASS   STRCODE        

        CLASS   STRING         

        CLASS   CONST          

        CLASS   ENTRY          

        CLASS   COMMON         
                cstackCOMMON                         71       71        A         1
                bssCOMMON                            7B       7B        2         1

        CLASS   BANK0          
                cstackBANK0                          20       20       11         1
                dataBANK0                            31       31        C         1
                bssBANK0                             3D       3D        A         1

        CLASS   BANK1          

        CLASS   BANK2          

        CLASS   RAM            

        CLASS   ABS1           
                abs_s1                               7E       7E        2         1

        CLASS   SFR0           

        CLASS   SFR1           

        CLASS   SFR2           

        CLASS   SFR3           

        CLASS   CONFIG         
                config                             2007     2007        2         4

        CLASS   IDLOC          

        CLASS   EEDATA         

        CLASS   BANK3          

        CLASS   HEAP           

        CLASS   STACK          



SEGMENTS        Name                           Load    Length   Top    Selector   Space  Class     Delta

                reset_vec                      000000  000003  000003         0       0  CODE        2
                cstackBANK0                    000020  000027  000047        20       1  BANK0       1
                intentry                       000004  00027E  000282         8       0  CODE        2
                cstackCOMMON                   000071  00000C  00007D        71       1  COMMON      1


UNUSED ADDRESS RANGES

        Name                Unused          Largest block    Delta
        BANK0            0047-006F             29           1
        BANK1            00A0-00EF             50           1
        BANK2            0120-0164             45           1
        CODE             0003-0003              1           2
                         0282-0EFF            57E
        COMMON           007D-007D              1           1
        CONST            0003-0003              1           2
                         0282-0EFF            100
        EEDATA           2100-21FF            100           2
        ENTRY            0003-0003              1           2
                         0282-0EFF            100
        IDLOC            2000-2003              4           2
        RAM              0047-006F             29           1
                         00A0-00EF             50
                         0120-0164             45
        SFR0             0000-001F             20           1
        SFR1             0080-009F             20           1
        SFR2             0100-011F             20           1
        SFR3             0180-01F0             71           1
        STRCODE          0003-0003              1           2
                         0282-0EFF            C7E
        STRING           0003-0003              1           2
                         0282-0EFF            100

                                  Symbol Table

?___awdiv                   cstackCOMMON 0071
?___awmod                   cstackCOMMON 0071
_ANSEL                      (abs)        0188
_ANSELH                     (abs)        0189
_HIGH                       dataBANK0    003B
_INTCONbits                 (abs)        000B
_IOCB                       (abs)        0096
_LOW                        dataBANK0    003C
_PIE1bits                   (abs)        008C
_PIR1bits                   (abs)        000C
_PORTAbits                  (abs)        0005
_PORTBbits                  (abs)        0006
_PORTC                      (abs)        0007
_T1CONbits                  (abs)        0010
_TMR1H                      (abs)        000F
_TMR1L                      (abs)        000E
_TRISA                      (abs)        0085
_TRISB                      (abs)        0086
_TRISC                      (abs)        0087
__H__absolute__             __absolute__ 0000
__Habs1                     abs1         0000
__Hbank0                    bank0        0000
__Hbank1                    bank1        0000
__Hbank2                    bank2        0000
__Hbank3                    bank3        0000
__HbssBANK0                 bssBANK0     0000
__HbssCOMMON                bssCOMMON    0000
__Hcinit                    cinit        002E
__Hclrtext                  clrtext      0000
__Hcode                     code         0000
__Hcommon                   common       0000
__Hconfig                   config       2009
__HcstackBANK0              cstackBANK0  0000
__HcstackCOMMON             cstackCOMMON 0000
__HdataBANK0                dataBANK0    0000
__Heeprom_data              eeprom_data  0000
__Hend_init                 end_init     0013
__Hfunctab                  functab      0000
__Hheap                     heap         0000
__HidataBANK0               idataBANK0   0000
__Hinit                     init         0011
__Hinittext                 inittext     0000
__Hintentry                 intentry     0011
__Hmaintext                 maintext     0000
__Hpowerup                  powerup      0000
__Hram                      ram          0000
__Hreset_vec                reset_vec    0003
__Hsfr0                     sfr0         0000
__Hsfr1                     sfr1         0000
__Hsfr2                     sfr2         0000
__Hsfr3                     sfr3         0000
__Hsivt                     sivt         0011
__Hspace_0                  (abs)        0282
__Hspace_1                  (abs)        007D
__Hspace_2                  (abs)        0000
__Hspace_3                  (abs)        0000
__Hspace_4                  (abs)        4010
__Hstack                    stack        0000
__Hstrings                  strings      0000
__Htext                     text         0000
__L__absolute__             __absolute__ 0000
__Labs1                     abs1         0000
__Lbank0                    bank0        0000
__Lbank1                    bank1        0000
__Lbank2                    bank2        0000
__Lbank3                    bank3        0000
__LbssBANK0                 bssBANK0     0000
__LbssCOMMON                bssCOMMON    0000
__Lcinit                    cinit        0013
__Lclrtext                  clrtext      0000
__Lcode                     code         0000
__Lcommon                   common       0000
__Lconfig                   config       0000
__LcstackBANK0              cstackBANK0  0000
__LcstackCOMMON             cstackCOMMON 0000
__LdataBANK0                dataBANK0    0000
__Leeprom_data              eeprom_data  0000
__Lend_init                 end_init     0011
__Lfunctab                  functab      0000
__Lheap                     heap         0000
__LidataBANK0               idataBANK0   0000
__Linit                     init         0011
__Linittext                 inittext     0000
__Lintentry                 intentry     0004
__Lmaintext                 maintext     0000
__Lpowerup                  powerup      0000
__Lram                      ram          0000
__Lreset_vec                reset_vec    0000
__Lsfr0                     sfr0         0000
__Lsfr1                     sfr1         0000
__Lsfr2                     sfr2         0000
__Lsfr3                     sfr3         0000
__Lsivt                     sivt         0011
__Lspace_0                  (abs)        0000
__Lspace_1                  (abs)        0000
__Lspace_2                  (abs)        0000
__Lspace_3                  (abs)        0000
__Lspace_4                  (abs)        0000
__Lstack                    stack        0000
__Lstrings                  strings      0000
__Ltext                     text         0000
__S0                        (abs)        0282
__S1                        (abs)        007D
__S3                        (abs)        0000
___awdiv                    text7        0152
___awdiv@counter            cstackCOMMON 0075
___awdiv@dividend           cstackCOMMON 0073
___awdiv@divisor            cstackCOMMON 0071
___awdiv@quotient           cstackCOMMON 0077
___awdiv@sign               cstackCOMMON 0076
___awmod                    text6        01B5
___awmod@counter            cstackCOMMON 0075
___awmod@dividend           cstackCOMMON 0073
___awmod@divisor            cstackCOMMON 0071
___awmod@sign               cstackCOMMON 0076
___heap_hi                  (abs)        0000
___heap_lo                  (abs)        0000
___int_sp                   stack        0000
___int_stack_hi             stack        0000
___int_stack_lo             stack        0000
___latbits                  (abs)        0001
___sp                       stack        0000
___stack_hi                 stack        0000
___stack_lo                 stack        0000
___stackhi                  (abs)        0000
___stacklo                  (abs)        0000
__end_of___awdiv            text7        01B5
__end_of___awmod            text6        020C
__end_of__initialization    cinit        002B
__end_of_display            text5        0152
__end_of_isr                text3        00D5
__end_of_main               maintext     0242
__end_of_tmr1_init_1ms_tick text1        0257
__end_of_tmr1_load_1ms      text2        027B
__end_ofi1_tmr1_load_1ms    text4        0282
__initialization            cinit        0013
__pbssBANK0                 bssBANK0     003D
__pbssCOMMON                bssCOMMON    007B
__pcstackBANK0              cstackBANK0  0020
__pcstackCOMMON             cstackCOMMON 0071
__pdataBANK0                dataBANK0    0031
__pidataBANK0               idataBANK0   0268
__pintentry                 intentry     0004
__pmaintext                 maintext     020C
__ptext1                    text1        0242
__ptext2                    text2        0274
__ptext3                    text3        002E
__ptext4                    text4        027B
__ptext5                    text5        00D5
__ptext6                    text6        01B5
__ptext7                    text7        0152
_centiseconds               bssBANK0     003D
_display                    text5        00D5
_isr                        text3        002E
_last_button1               bssBANK0     0043
_last_button2               bssBANK0     0041
_main                       maintext     020C
_ms_bucket                  bssCOMMON    007B
_options                    dataBANK0    0031
_paused                     bssBANK0     0045
_tmr1_init_1ms_tick         text1        0242
_tmr1_load_1ms              text2        0274
btemp                       (abs)        007E
btemp0                      (abs)        007E
btemp1                      (abs)        007F
display@high                cstackBANK0  0022
display@high_201            cstackBANK0  0026
display@low                 cstackBANK0  0020
display@low_200             cstackBANK0  0024
display@norm                cstackBANK0  0028
display@number              cstackCOMMON 0079
end_of_initialization       cinit        002B
i1_tmr1_load_1ms            text4        027B
init_fetch0                 inittext     0257
init_ram0                   inittext     025B
interrupt_function          intentry     0004
intlevel0                   functab      0000
intlevel1                   functab      0000
intlevel2                   functab      0000
intlevel3                   functab      0000
intlevel4                   functab      0000
intlevel5                   functab      0000
ltemp0a                     (abs)        0080
reset_vec                   reset_vec    0000
saved_w                     (abs)        007E
start                       init         0011
start_initialization        cinit        0013
ttemp0a                     (abs)        007F
wtemp0                      (abs)        007E
wtemp0a                     (abs)        007F


MODULE INFORMATION

Module		Function		Class		Link	Load	Size
/Applications/microchip/xc8/v3.10/pic/sources/c99/common/awdiv.c
		___awdiv       		CODE           	0152	0000	99

/Applications/microchip/xc8/v3.10/pic/sources/c99/common/awdiv.c estimated size: 99

shared
		i1_tmr1_load_1ms		CODE           	027B	0000	7
		__initialization		CODE           	0013	0000	24

shared estimated size: 31

main.c
		_display       		CODE           	00D5	0000	125
		_main          		CODE           	020C	0000	54
		_tmr1_init_1ms_tick		CODE           	0242	0000	21
		_isr           		CODE           	002E	0000	167
		_tmr1_load_1ms 		CODE           	0274	0000	7

main.c estimated size: 374

/Applications/microchip/xc8/v3.10/pic/sources/c99/common/awmod.c
		___awmod       		CODE           	01B5	0000	87

/Applications/microchip/xc8/v3.10/pic/sources/c99/common/awmod.c estimated size: 87

