Microchip MPLAB XC8 Compiler V3.10

Linker command line:

-W-3 --edf=/Applications/microchip/xc8/v3.10/pic/dat/20250813170317_en.msgs \
  -cn -h+dist/default/debug/Timers_Morse.X.debug.sym \
  --cmf=dist/default/debug/Timers_Morse.X.debug.cmf -z -Q16F883 \
  -o/tmp/xcS88OZjG/driver_tmp_3.o --defsym=__MPLAB_BUILD=1 \
  --fixupoverflow=error -Mdist/default/debug/Timers_Morse.X.debug.map \
  --md=/tmp/xcS88OZjG/driver_tmp_0.dat -E1 -ver=XC8 Compiler \
  -ACODE=00h-07FFh,0800h-0EFFh -ASTRCODE=00h-0EFFh -ASTRING=00h-0FFhx15 \
  -ACONST=00h-0FFhx15 -AENTRY=00h-0FFhx15 -ACOMMON=071h-07Fh \
  -ABANK0=020h-06Fh -ABANK1=0A0h-0EFh -ABANK2=0120h-0164h \
  -ARAM=020h-06Fh,0A0h-0EFh,0120h-0164h \
  -AABS1=020h-07Fh,0A0h-0EFh,0120h-016Fh -ASFR0=00h-01Fh -ASFR1=080h-09Fh \
  -ASFR2=0100h-011Fh -ASFR3=0180h-01F0h -ACONFIG=02007h-02008h -DCONFIG=2 \
  -AIDLOC=02000h-02003h -DIDLOC=2 -AEEDATA=00h-0FFh/02100h \
  -peeprom_data=EEDATA -DEEDATA=2 -DCODE=2 -DSTRCODE=2 -DSTRING=2 -DCONST=2 \
  -DENTRY=2 -preset_vec=00h,intentry=04h,sivt,init,end_init -ppowerup=CODE \
  -pcinit=CODE -pfunctab=ENTRY -k /tmp/xcS88OZjG/driver_tmp_12.o \
  dist/default/debug/Timers_Morse.X.debug.o 

Object code version is 3.11

Machine type is 16F883



                Name                               Link     Load   Length Selector   Space Scale
/tmp/xcS88OZjG/driver_tmp_12.o
                end_init                              D        D        2        8       0
                reset_vec                             0        0        3        0       0
                config                             2007     2007        2        0       4
dist/default/debug/Timers_Morse.X.debug.o
                cinit                                 F        F       1B        8       0
                intentry                              4        4        9        8       0
                config                             2007     2007        2        0       4
                text5                                EE       EE       18        8       0
                text4                               147      147        7        8       0
                text3                                2A       2A       AB        8       0
                text2                               140      140        7        8       0
                text1                               106      106       17        8       0
                maintext                             D5       D5       19        8       0
                cstackCOMMON                         71       71        9       71       1
                inittext                            12F      12F       11        8       0
                dataBANK0                            20       20       12       20       1
                bssBANK0                             32       32        2       20       1
                dataCOMMON                           7C       7C        2       71       1
                bssCOMMON                            7A       7A        2       71       1
                idataBANK0                          11D      11D       12        8       0
                idataCOMMON                         14E      14E        2        8       0

TOTAL           Name                               Link     Load   Length     Space
        CLASS   CODE           
                end_init                              D        D        2         0
                cinit                                 F        F       1B         0
                intentry                              4        4        9         0
                reset_vec                             0        0        3         0
                text5                                EE       EE       18         0
                text4                               147      147        7         0
                text3                                2A       2A       AB         0
                text2                               140      140        7         0
                text1                               106      106       17         0
                maintext                             D5       D5       19         0
                inittext                            12F      12F       11         0
                idataBANK0                          11D      11D       12         0
                idataCOMMON                         14E      14E        2         0

        CLASS   STRCODE        

        CLASS   STRING         

        CLASS   CONST          

        CLASS   ENTRY          

        CLASS   COMMON         
                cstackCOMMON                         71       71        9         1
                dataCOMMON                           7C       7C        2         1
                bssCOMMON                            7A       7A        2         1

        CLASS   BANK0          
                dataBANK0                            20       20       12         1
                bssBANK0                             32       32        2         1

        CLASS   BANK1          

        CLASS   BANK2          

        CLASS   RAM            

        CLASS   ABS1           
                abs_s1                               7E       7E        2         1

        CLASS   SFR0           

        CLASS   SFR1           

        CLASS   SFR2           

        CLASS   SFR3           

        CLASS   CONFIG         
                config                             2007     2007        2         4

        CLASS   IDLOC          

        CLASS   EEDATA         

        CLASS   BANK3          

        CLASS   HEAP           

        CLASS   STACK          



SEGMENTS        Name                           Load    Length   Top    Selector   Space  Class     Delta

                reset_vec                      000000  000003  000003         0       0  CODE        2
                dataBANK0                      000020  000014  000034        20       1  BANK0       1
                intentry                       000004  00014C  000150         8       0  CODE        2
                cstackCOMMON                   000071  00000D  00007E        71       1  COMMON      1


UNUSED ADDRESS RANGES

        Name                Unused          Largest block    Delta
        BANK0            0034-006F             3C           1
        BANK1            00A0-00EF             50           1
        BANK2            0120-0164             45           1
        CODE             0003-0003              1           2
                         0150-0EFF            6B0
        CONST            0003-0003              1           2
                         0150-0EFF            100
        EEDATA           2100-21FF            100           2
        ENTRY            0003-0003              1           2
                         0150-0EFF            100
        IDLOC            2000-2003              4           2
        RAM              0034-006F             3C           1
                         00A0-00EF             50
                         0120-0164             45
        SFR0             0000-001F             20           1
        SFR1             0080-009F             20           1
        SFR2             0100-011F             20           1
        SFR3             0180-01F0             71           1
        STRCODE          0003-0003              1           2
                         0150-0EFF            DB0
        STRING           0003-0003              1           2
                         0150-0EFF            100

                                  Symbol Table

?_get_mics                    cstackCOMMON 0071
_ANSEL                        (abs)        0188
_ANSELH                       (abs)        0189
_INTCONbits                   (abs)        000B
_IOCB                         (abs)        0096
_PIE1bits                     (abs)        008C
_PIR1bits                     (abs)        000C
_PORTAbits                    (abs)        0005
_PORTBbits                    (abs)        0006
_PORTC                        (abs)        0007
_T1CONbits                    (abs)        0010
_TMR1                         (abs)        000E
_TRISA                        (abs)        0085
_TRISB                        (abs)        0086
_TRISC                        (abs)        0087
__H__absolute__               __absolute__ 0000
__Habs1                       abs1         0000
__Hbank0                      bank0        0000
__Hbank1                      bank1        0000
__Hbank2                      bank2        0000
__Hbank3                      bank3        0000
__HbssBANK0                   bssBANK0     0000
__HbssCOMMON                  bssCOMMON    0000
__Hcinit                      cinit        002A
__Hclrtext                    clrtext      0000
__Hcode                       code         0000
__Hcommon                     common       0000
__Hconfig                     config       2009
__HcstackBANK0                cstackBANK0  0000
__HcstackCOMMON               cstackCOMMON 0000
__HdataBANK0                  dataBANK0    0000
__HdataCOMMON                 dataCOMMON   0000
__Heeprom_data                eeprom_data  0000
__Hend_init                   end_init     000F
__Hfunctab                    functab      0000
__Hheap                       heap         0000
__HidataBANK0                 idataBANK0   0000
__HidataCOMMON                idataCOMMON  0000
__Hinit                       init         000D
__Hinittext                   inittext     0000
__Hintentry                   intentry     000D
__Hmaintext                   maintext     0000
__Hpowerup                    powerup      0000
__Hram                        ram          0000
__Hreset_vec                  reset_vec    0003
__Hsfr0                       sfr0         0000
__Hsfr1                       sfr1         0000
__Hsfr2                       sfr2         0000
__Hsfr3                       sfr3         0000
__Hsivt                       sivt         000D
__Hspace_0                    (abs)        0150
__Hspace_1                    (abs)        007E
__Hspace_2                    (abs)        0000
__Hspace_3                    (abs)        0000
__Hspace_4                    (abs)        4010
__Hstack                      stack        0000
__Hstrings                    strings      0000
__Htext                       text         0000
__L__absolute__               __absolute__ 0000
__Labs1                       abs1         0000
__Lbank0                      bank0        0000
__Lbank1                      bank1        0000
__Lbank2                      bank2        0000
__Lbank3                      bank3        0000
__LbssBANK0                   bssBANK0     0000
__LbssCOMMON                  bssCOMMON    0000
__Lcinit                      cinit        000F
__Lclrtext                    clrtext      0000
__Lcode                       code         0000
__Lcommon                     common       0000
__Lconfig                     config       0000
__LcstackBANK0                cstackBANK0  0000
__LcstackCOMMON               cstackCOMMON 0000
__LdataBANK0                  dataBANK0    0000
__LdataCOMMON                 dataCOMMON   0000
__Leeprom_data                eeprom_data  0000
__Lend_init                   end_init     000D
__Lfunctab                    functab      0000
__Lheap                       heap         0000
__LidataBANK0                 idataBANK0   0000
__LidataCOMMON                idataCOMMON  0000
__Linit                       init         000D
__Linittext                   inittext     0000
__Lintentry                   intentry     0004
__Lmaintext                   maintext     0000
__Lpowerup                    powerup      0000
__Lram                        ram          0000
__Lreset_vec                  reset_vec    0000
__Lsfr0                       sfr0         0000
__Lsfr1                       sfr1         0000
__Lsfr2                       sfr2         0000
__Lsfr3                       sfr3         0000
__Lsivt                       sivt         000D
__Lspace_0                    (abs)        0000
__Lspace_1                    (abs)        0000
__Lspace_2                    (abs)        0000
__Lspace_3                    (abs)        0000
__Lspace_4                    (abs)        0000
__Lstack                      stack        0000
__Lstrings                    strings      0000
__Ltext                       text         0000
__S0                          (abs)        0150
__S1                          (abs)        007E
__S3                          (abs)        0000
___heap_hi                    (abs)        0000
___heap_lo                    (abs)        0000
___int_sp                     stack        0000
___int_stack_hi               stack        0000
___int_stack_lo               stack        0000
___latbits                    (abs)        0001
___sp                         stack        0000
___stack_hi                   stack        0000
___stack_lo                   stack        0000
___stackhi                    (abs)        0000
___stacklo                    (abs)        0000
__end_of__initialization      cinit        0027
__end_of_get_mics             text5        0106
__end_of_isr                  text3        00D5
__end_of_main                 maintext     00EE
__end_of_tmr1_init_400ms_tick text1        011D
__end_of_tmr1_load_400ms      text2        0147
__end_ofi1_tmr1_load_400ms    text4        014E
__initialization              cinit        000F
__pbssBANK0                   bssBANK0     0032
__pbssCOMMON                  bssCOMMON    007A
__pcstackBANK0                cstackBANK0  0000
__pcstackCOMMON               cstackCOMMON 0071
__pdataBANK0                  dataBANK0    0020
__pdataCOMMON                 dataCOMMON   007C
__pidataBANK0                 idataBANK0   011D
__pidataCOMMON                idataCOMMON  014E
__pintentry                   intentry     0004
__pmaintext                   maintext     00D5
__ptext1                      text1        0106
__ptext2                      text2        0140
__ptext3                      text3        002A
__ptext4                      text4        0147
__ptext5                      text5        00EE
_displaying                   bssBANK0     0032
_get_mics                     text5        00EE
_isr                          text3        002A
_main                         maintext     00D5
_overflow400                  bssCOMMON    007A
_start_400ms                  dataCOMMON   007C
_tmr1_init_400ms_tick         text1        0106
_tmr1_load_400ms              text2        0140
btemp                         (abs)        007E
btemp0                        (abs)        007E
btemp1                        (abs)        007F
end_of_initialization         cinit        0027
i1_tmr1_load_400ms            text4        0147
init_fetch0                   inittext     012F
init_ram0                     inittext     0133
interrupt_function            intentry     0004
intlevel0                     functab      0000
intlevel1                     functab      0000
intlevel2                     functab      0000
intlevel3                     functab      0000
intlevel4                     functab      0000
intlevel5                     functab      0000
isr@mics                      cstackCOMMON 0078
ltemp0a                       (abs)        0080
reset_vec                     reset_vec    0000
saved_w                       (abs)        007E
start                         init         000D
start_initialization          cinit        000F
ttemp0a                       (abs)        007F
wtemp0                        (abs)        007E
wtemp0a                       (abs)        007F


MODULE INFORMATION

Module		Function		Class		Link	Load	Size
shared
		__initialization		CODE           	000F	0000	24
		i1_tmr1_load_400ms		CODE           	0147	0000	7

shared estimated size: 31

main.c
		_tmr1_load_400ms		CODE           	0140	0000	7
		_main          		CODE           	00D5	0000	25
		_get_mics      		CODE           	00EE	0000	24
		_isr           		CODE           	002A	0000	171
		_tmr1_init_400ms_tick		CODE           	0106	0000	23

main.c estimated size: 250

