Microchip MPLAB XC8 Compiler V3.10

Linker command line:

-W-3 --edf=/Applications/microchip/xc8/v3.10/pic/dat/20250813170317_en.msgs \
  -cn -h+dist/default/production/Timers_Morse.X.production.sym \
  --cmf=dist/default/production/Timers_Morse.X.production.cmf -z -Q16F883 \
  -o/tmp/xc7SW45YP/driver_tmp_3.o --defsym=__MPLAB_BUILD=1 \
  --fixupoverflow=error \
  -Mdist/default/production/Timers_Morse.X.production.map \
  --md=/tmp/xc7SW45YP/driver_tmp_0.dat -E1 -ver=XC8 Compiler \
  -ACODE=00h-07FFhx2 -ASTRCODE=00h-0FFFh -ASTRING=00h-0FFhx16 \
  -ACONST=00h-0FFhx16 -AENTRY=00h-0FFhx16 -ACOMMON=070h-07Fh \
  -ABANK0=020h-06Fh -ABANK1=0A0h-0EFh -ABANK2=0120h-016Fh \
  -ARAM=020h-06Fh,0A0h-0EFh,0120h-016Fh \
  -AABS1=020h-07Fh,0A0h-0EFh,0120h-016Fh -ASFR0=00h-01Fh -ASFR1=080h-09Fh \
  -ASFR2=0100h-011Fh -ASFR3=0180h-01EFh -ACONFIG=02007h-02008h -DCONFIG=2 \
  -AIDLOC=02000h-02003h -DIDLOC=2 -AEEDATA=00h-0FFh/02100h \
  -peeprom_data=EEDATA -DEEDATA=2 -DCODE=2 -DSTRCODE=2 -DSTRING=2 -DCONST=2 \
  -DENTRY=2 -preset_vec=00h,intentry=04h,sivt,init,end_init -ppowerup=CODE \
  -pcinit=CODE -pfunctab=ENTRY -k /tmp/xc7SW45YP/driver_tmp_12.o \
  dist/default/production/Timers_Morse.X.production.o 

Object code version is 3.11

Machine type is 16F883



                Name                               Link     Load   Length Selector   Space Scale
/tmp/xc7SW45YP/driver_tmp_12.o
                end_init                              D        D        2        8       0
                reset_vec                             0        0        2        0       0
                config                             2007     2007        2        0       4
dist/default/production/Timers_Morse.X.production.o
                cinit                                 F        F       1F        8       0
                intentry                              4        4        9        8       0
                config                             2007     2007        2        0       4
                text5                                F2       F2       18        8       0
                text4                               14A      14A        7        8       0
                text3                                2E       2E       AB        8       0
                text2                               143      143        7        8       0
                text1                               10A      10A       17        8       0
                maintext                             D9       D9       19        8       0
                cstackCOMMON                         70       70        9       70       1
                inittext                            132      132       11        8       0
                dataBANK0                            20       20       11       20       1
                bssBANK0                             31       31        2       20       1
                dataCOMMON                           79       79        3       70       1
                bssCOMMON                            7C       7C        2       70       1
                idataBANK0                          121      121       11        8       0
                idataCOMMON                         151      151        3        8       0

TOTAL           Name                               Link     Load   Length     Space
        CLASS   CODE           
                end_init                              D        D        2         0
                cinit                                 F        F       1F         0
                intentry                              4        4        9         0
                reset_vec                             0        0        2         0
                text5                                F2       F2       18         0
                text4                               14A      14A        7         0
                text3                                2E       2E       AB         0
                text2                               143      143        7         0
                text1                               10A      10A       17         0
                maintext                             D9       D9       19         0
                inittext                            132      132       11         0
                idataBANK0                          121      121       11         0
                idataCOMMON                         151      151        3         0

        CLASS   STRCODE        

        CLASS   STRING         

        CLASS   CONST          

        CLASS   ENTRY          

        CLASS   COMMON         
                cstackCOMMON                         70       70        9         1
                dataCOMMON                           79       79        3         1
                bssCOMMON                            7C       7C        2         1

        CLASS   BANK0          
                dataBANK0                            20       20       11         1
                bssBANK0                             31       31        2         1

        CLASS   BANK1          

        CLASS   BANK2          

        CLASS   RAM            

        CLASS   ABS1           
                abs_s1                               7E       7E        2         1

        CLASS   SFR0           

        CLASS   SFR1           

        CLASS   SFR2           

        CLASS   SFR3           

        CLASS   CONFIG         
                config                             2007     2007        2         4

        CLASS   IDLOC          

        CLASS   EEDATA         

        CLASS   BANK3          

        CLASS   HEAP           

        CLASS   STACK          



SEGMENTS        Name                           Load    Length   Top    Selector   Space  Class     Delta

                reset_vec                      000000  000002  000002         0       0  CODE        2
                dataBANK0                      000020  000013  000033        20       1  BANK0       1
                cstackCOMMON                   000070  00000E  00007E        70       1  COMMON      1
                intentry                       000004  000150  000154         8       0  CODE        2


UNUSED ADDRESS RANGES

        Name                Unused          Largest block    Delta
        BANK0            0033-006F             3D           1
        BANK1            00A0-00EF             50           1
        BANK2            0120-016F             50           1
        CODE             0002-0003              2           2
                         0154-0FFF            6AC
        CONST            0002-0003              2           2
                         0154-0FFF            100
        EEDATA           2100-21FF            100           2
        ENTRY            0002-0003              2           2
                         0154-0FFF            100
        IDLOC            2000-2003              4           2
        RAM              0033-006F             3D           1
                         00A0-00EF             50
                         0120-016F             50
        SFR0             0000-001F             20           1
        SFR1             0080-009F             20           1
        SFR2             0100-011F             20           1
        SFR3             0180-01EF             70           1
        STRCODE          0002-0003              2           2
                         0154-0FFF            EAC
        STRING           0002-0003              2           2
                         0154-0FFF            100

                                  Symbol Table

?_get_mics                    cstackCOMMON 0070
_ANSEL                        (abs)        0188
_ANSELH                       (abs)        0189
_INTCONbits                   (abs)        000B
_IOCB                         (abs)        0096
_PIE1bits                     (abs)        008C
_PIR1bits                     (abs)        000C
_PORTAbits                    (abs)        0005
_PORTBbits                    (abs)        0006
_PORTC                        (abs)        0007
_T1CONbits                    (abs)        0010
_TMR1                         (abs)        000E
_TRISA                        (abs)        0085
_TRISB                        (abs)        0086
_TRISC                        (abs)        0087
__H__absolute__               __absolute__ 0000
__Habs1                       abs1         0000
__Hbank0                      bank0        0000
__Hbank1                      bank1        0000
__Hbank2                      bank2        0000
__Hbank3                      bank3        0000
__HbssBANK0                   bssBANK0     0000
__HbssCOMMON                  bssCOMMON    0000
__Hcinit                      cinit        002E
__Hclrtext                    clrtext      0000
__Hcode                       code         0000
__Hcommon                     common       0000
__Hconfig                     config       2009
__HcstackBANK0                cstackBANK0  0000
__HcstackCOMMON               cstackCOMMON 0000
__HdataBANK0                  dataBANK0    0000
__HdataCOMMON                 dataCOMMON   0000
__Heeprom_data                eeprom_data  0000
__Hend_init                   end_init     000F
__Hfunctab                    functab      0000
__Hheap                       heap         0000
__HidataBANK0                 idataBANK0   0000
__HidataCOMMON                idataCOMMON  0000
__Hinit                       init         000D
__Hinittext                   inittext     0000
__Hintentry                   intentry     000D
__Hmaintext                   maintext     0000
__Hpowerup                    powerup      0000
__Hram                        ram          0000
__Hreset_vec                  reset_vec    0002
__Hsfr0                       sfr0         0000
__Hsfr1                       sfr1         0000
__Hsfr2                       sfr2         0000
__Hsfr3                       sfr3         0000
__Hsivt                       sivt         000D
__Hspace_0                    (abs)        0154
__Hspace_1                    (abs)        007E
__Hspace_2                    (abs)        0000
__Hspace_3                    (abs)        0000
__Hspace_4                    (abs)        4010
__Hstack                      stack        0000
__Hstrings                    strings      0000
__Htext                       text         0000
__L__absolute__               __absolute__ 0000
__Labs1                       abs1         0000
__Lbank0                      bank0        0000
__Lbank1                      bank1        0000
__Lbank2                      bank2        0000
__Lbank3                      bank3        0000
__LbssBANK0                   bssBANK0     0000
__LbssCOMMON                  bssCOMMON    0000
__Lcinit                      cinit        000F
__Lclrtext                    clrtext      0000
__Lcode                       code         0000
__Lcommon                     common       0000
__Lconfig                     config       0000
__LcstackBANK0                cstackBANK0  0000
__LcstackCOMMON               cstackCOMMON 0000
__LdataBANK0                  dataBANK0    0000
__LdataCOMMON                 dataCOMMON   0000
__Leeprom_data                eeprom_data  0000
__Lend_init                   end_init     000D
__Lfunctab                    functab      0000
__Lheap                       heap         0000
__LidataBANK0                 idataBANK0   0000
__LidataCOMMON                idataCOMMON  0000
__Linit                       init         000D
__Linittext                   inittext     0000
__Lintentry                   intentry     0004
__Lmaintext                   maintext     0000
__Lpowerup                    powerup      0000
__Lram                        ram          0000
__Lreset_vec                  reset_vec    0000
__Lsfr0                       sfr0         0000
__Lsfr1                       sfr1         0000
__Lsfr2                       sfr2         0000
__Lsfr3                       sfr3         0000
__Lsivt                       sivt         000D
__Lspace_0                    (abs)        0000
__Lspace_1                    (abs)        0000
__Lspace_2                    (abs)        0000
__Lspace_3                    (abs)        0000
__Lspace_4                    (abs)        0000
__Lstack                      stack        0000
__Lstrings                    strings      0000
__Ltext                       text         0000
__S0                          (abs)        0154
__S1                          (abs)        007E
__S3                          (abs)        0000
___heap_hi                    (abs)        0000
___heap_lo                    (abs)        0000
___int_sp                     stack        0000
___int_stack_hi               stack        0000
___int_stack_lo               stack        0000
___latbits                    (abs)        0001
___sp                         stack        0000
___stack_hi                   stack        0000
___stack_lo                   stack        0000
___stackhi                    (abs)        0000
___stacklo                    (abs)        0000
__end_of__initialization      cinit        002B
__end_of_get_mics             text5        010A
__end_of_isr                  text3        00D9
__end_of_main                 maintext     00F2
__end_of_tmr1_init_400ms_tick text1        0121
__end_of_tmr1_load_400ms      text2        014A
__end_ofi1_tmr1_load_400ms    text4        0151
__initialization              cinit        000F
__pbssBANK0                   bssBANK0     0031
__pbssCOMMON                  bssCOMMON    007C
__pcstackBANK0                cstackBANK0  0000
__pcstackCOMMON               cstackCOMMON 0070
__pdataBANK0                  dataBANK0    0020
__pdataCOMMON                 dataCOMMON   0079
__pidataBANK0                 idataBANK0   0121
__pidataCOMMON                idataCOMMON  0151
__pintentry                   intentry     0004
__pmaintext                   maintext     00D9
__ptext1                      text1        010A
__ptext2                      text2        0143
__ptext3                      text3        002E
__ptext4                      text4        014A
__ptext5                      text5        00F2
_displaying                   bssBANK0     0031
_get_mics                     text5        00F2
_isr                          text3        002E
_main                         maintext     00D9
_overflow400                  bssCOMMON    007C
_start_400ms                  dataCOMMON   0079
_tmr1_init_400ms_tick         text1        010A
_tmr1_load_400ms              text2        0143
btemp                         (abs)        007E
btemp0                        (abs)        007E
btemp1                        (abs)        007F
end_of_initialization         cinit        002B
i1_tmr1_load_400ms            text4        014A
init_fetch0                   inittext     0132
init_ram0                     inittext     0136
interrupt_function            intentry     0004
intlevel0                     functab      0000
intlevel1                     functab      0000
intlevel2                     functab      0000
intlevel3                     functab      0000
intlevel4                     functab      0000
intlevel5                     functab      0000
isr@mics                      cstackCOMMON 0077
ltemp0a                       (abs)        0080
reset_vec                     reset_vec    0000
saved_w                       (abs)        007E
start                         init         000D
start_initialization          cinit        000F
ttemp0a                       (abs)        007F
wtemp0                        (abs)        007E
wtemp0a                       (abs)        007F


MODULE INFORMATION

Module		Function		Class		Link	Load	Size
shared
		__initialization		CODE           	000F	0000	28
		i1_tmr1_load_400ms		CODE           	014A	0000	7

shared estimated size: 35

main.c
		_tmr1_load_400ms		CODE           	0143	0000	7
		_main          		CODE           	00D9	0000	25
		_get_mics      		CODE           	00F2	0000	24
		_isr           		CODE           	002E	0000	171
		_tmr1_init_400ms_tick		CODE           	010A	0000	23

main.c estimated size: 250

